   Compiling proc-macro2 v1.0.89
   Compiling unicode-ident v1.0.6
   Compiling quote v1.0.40
   Compiling libc v0.2.186
   Compiling autocfg v1.4.0
   Compiling syn v2.0.87
    Checking cfg-if v1.0.0
   Compiling version_check v0.9.5
   Compiling shlex v1.3.0
   Compiling jobserver v0.1.32
   Compiling cc v1.2.19
   Compiling libm v0.2.6
   Compiling syn v1.0.107
    Checking getrandom v0.2.14
    Checking bytes v1.10.1
    Checking once_cell v1.19.0
   Compiling serde v1.0.214
   Compiling serde_derive v1.0.214
   Compiling memchr v2.7.4
    Checking smallvec v1.13.2
   Compiling num-traits v0.2.19
   Compiling aho-corasick v1.1.3
   Compiling regex-syntax v0.8.5
    Checking scopeguard v1.1.0
   Compiling regex-automata v0.4.8
   Compiling regex v1.11.1
    Checking pin-project-lite v0.2.14
   Compiling lock_api v0.4.12
    Checking value-bag v1.8.1
   Compiling parking_lot_core v0.9.10
    Checking log v0.4.21
    Checking parking_lot v0.12.0
   Compiling tokio-macros v2.5.0
   Compiling futures-core v0.3.29
   Compiling siphasher v0.3.10
   Compiling phf_shared v0.11.1
   Compiling rand_core v0.6.3
   Compiling rand v0.8.5
   Compiling pkg-config v0.3.19
    Checking itoa v1.0.1
   Compiling phf_generator v0.11.1
   Compiling ahash v0.8.11
   Compiling phf_codegen v0.11.1
   Compiling parse-zoneinfo v0.3.0
    Checking core-foundation-sys v0.8.7
   Compiling typenum v1.17.0
    Checking socket2 v0.5.6
    Checking signal-hook-registry v1.4.0
    Checking mio v1.0.3
    Checking tokio v1.44.2
   Compiling chrono-tz-build v0.4.0
   Compiling chrono-tz v0.10.0
    Checking lazy_static v1.4.0
    Checking slab v0.4.4
    Checking futures-io v0.3.29
   Compiling serde_json v1.0.117
    Checking futures-sink v0.3.29
    Checking pin-utils v0.1.0
    Checking num-integer v0.1.46
   Compiling futures-task v0.3.29
   Compiling futures-channel v0.3.29
   Compiling generic-array v0.14.4
   Compiling futures-util v0.3.29
   Compiling futures-macro v0.3.29
   Compiling synstructure v0.13.1
    Checking hashbrown v0.15.4
    Checking ryu v1.0.18
    Checking bitflags v1.3.2
   Compiling zerofrom-derive v0.1.6
    Checking zerofrom v0.1.6
   Compiling yoke-derive v0.7.5
    Checking tracing-core v0.1.30
    Checking bitflags v2.11.1
    Checking stable_deref_trait v1.2.1
    Checking yoke v0.7.5
   Compiling zerovec-derive v0.10.3
    Checking zerovec v0.10.4
   Compiling tracing-attributes v0.1.23
   Compiling displaydoc v0.2.5
   Compiling semver v1.0.6
    Checking tracing v0.1.35
    Checking errno v0.3.14
    Checking subtle v2.5.0
    Checking tinystr v0.7.6
    Checking iana-time-zone v0.1.61
   Compiling icu_locid_transform_data v1.5.1
    Checking litemap v0.7.5
    Checking writeable v0.5.5
    Checking icu_locid v1.5.0
    Checking chrono v0.4.38
   Compiling rustc_version v0.4.0
    Checking crypto-common v0.1.6
   Compiling icu_provider_macros v1.5.0
    Checking percent-encoding v2.3.1
   Compiling icu_properties_data v1.5.1
    Checking icu_provider v1.5.0
    Checking zerocopy v0.7.35
   Compiling icu_normalizer_data v1.5.1
    Checking icu_locid_transform v1.5.0
    Checking icu_collections v1.5.0
   Compiling vcpkg v0.2.15
    Checking equivalent v1.0.1
    Checking indexmap v2.10.0
    Checking icu_properties v1.5.1
    Checking num-bigint v0.4.6
    Checking utf8_iter v1.0.4
    Checking write16 v1.0.0
    Checking utf16_iter v1.0.5
    Checking icu_normalizer v1.5.0
    Checking num-iter v0.1.45
   Compiling psm v0.1.25
    Checking static_assertions v1.1.0
    Checking ppv-lite86 v0.2.10
    Checking idna_adapter v1.2.0
    Checking num-rational v0.4.2
    Checking form_urlencoded v1.2.1
   Compiling flatbuffers v24.12.23
    Checking num-complex v0.4.6
    Checking num v0.4.3
    Checking idna v1.0.3
    Checking phf v0.11.1
    Checking half v2.4.1
   Compiling stacker v0.1.21
    Checking cfg-if v0.1.10
    Checking arrow-buffer v54.2.1 (https://github.com/cube-js/arrow-rs.git?branch=cube-46.0.1#008ff5b2)
    Checking url v2.5.4
    Checking arrow-schema v54.2.1 (https://github.com/cube-js/arrow-rs.git?branch=cube-46.0.1#008ff5b2)
    Checking cpufeatures v0.2.5
    Checking byteorder v1.4.3
    Checking arrow-data v54.2.1 (https://github.com/cube-js/arrow-rs.git?branch=cube-46.0.1#008ff5b2)
    Checking block-buffer v0.10.3
    Checking digest v0.10.7
    Checking arrow-array v54.2.1 (https://github.com/cube-js/arrow-rs.git?branch=cube-46.0.1#008ff5b2)
    Checking rand_chacha v0.3.1
   Compiling libz-sys v1.1.20
   Compiling zstd-sys v2.0.13+zstd.1.5.6
   Compiling async-trait v0.1.80
   Compiling recursive-proc-macro-impl v0.1.1
    Checking base64 v0.22.1
    Checking lexical-util v1.0.3
   Compiling paste v1.0.15
    Checking futures-executor v0.3.26
   Compiling sqlparser_derive v0.3.0 (https://github.com/cube-js/sqlparser-rs.git?branch=cube-46.0.1#26fd2d4b)
   Compiling getrandom v0.1.16
   Compiling rustix v1.1.4
   Compiling crc32fast v1.2.1
   Compiling litrs v1.0.0
   Compiling document-features v0.2.12
    Checking lexical-write-integer v1.0.2
    Checking lexical-parse-integer v1.0.2
    Checking arrow-select v54.2.1 (https://github.com/cube-js/arrow-rs.git?branch=cube-46.0.1#008ff5b2)
    Checking adler2 v2.0.0
    Checking opaque-debug v0.3.0
    Checking either v1.6.1
    Checking miniz_oxide v0.8.8
    Checking lexical-parse-float v1.0.2
    Checking lexical-write-float v1.0.2
    Checking crossterm v0.29.0
    Checking rand_core v0.5.1
    Checking fnv v1.0.7
    Checking unicode-segmentation v1.8.0
    Checking allocator-api2 v0.2.18
    Checking regex-automata v0.1.10
    Checking unicode-width v0.2.2
    Checking comfy-table v7.2.2
    Checking bstr v0.2.16
    Checking hashbrown v0.14.5
    Checking flate2 v1.1.1
    Checking rand_chacha v0.2.2
    Checking lexical-core v1.0.2
    Checking inout v0.1.4
    Checking atoi v2.0.0
   Compiling zstd-safe v7.2.1
    Checking arrow-cast v54.2.1 (https://github.com/cube-js/arrow-rs.git?branch=cube-46.0.1#008ff5b2)
    Checking cipher v0.4.4
    Checking rand v0.7.3
    Checking futures v0.3.26
    Checking universal-hash v0.5.1
   Compiling rustix v0.38.32
   Compiling heck v0.5.0
    Checking twox-hash v2.1.2
    Checking alloc-no-stdlib v2.0.3
    Checking alloc-stdlib v0.2.1
    Checking lz4_flex v0.11.6
   Compiling snafu-derive v0.8.5
    Checking polyval v0.6.2
    Checking twox-hash v1.6.3
    Checking csv-core v0.1.10
    Checking same-file v1.0.6
    Checking itoa v0.4.7
   Compiling snap v1.0.5
    Checking csv v1.1.6
    Checking walkdir v2.3.2
    Checking arrow-ipc v54.2.1 (https://github.com/cube-js/arrow-rs.git?branch=cube-46.0.1#008ff5b2)
    Checking zstd v0.13.2
    Checking ghash v0.5.1
    Checking snafu v0.8.5
    Checking brotli-decompressor v4.0.1
    Checking ctr v0.9.2
    Checking aes v0.8.4
    Checking itertools v0.13.0
    Checking keccak v0.1.5
    Checking aead v0.5.2
    Checking ordered-float v2.7.0
    Checking fastrand v2.0.2
    Checking integer-encoding v3.0.4
    Checking humantime v2.3.0
   Compiling thiserror v1.0.38
    Checking object_store v0.11.1
    Checking thrift v0.17.0
    Checking tempfile v3.10.1
    Checking aes-gcm v0.10.3
    Checking sha3 v0.10.8
    Checking brotli v7.0.0
    Checking recursive v0.1.1
    Checking arrow-csv v54.2.1 (https://github.com/cube-js/arrow-rs.git?branch=cube-46.0.1#008ff5b2)
    Checking arrow-json v54.2.1 (https://github.com/cube-js/arrow-rs.git?branch=cube-46.0.1#008ff5b2)
    Checking arrow-ord v54.2.1 (https://github.com/cube-js/arrow-rs.git?branch=cube-46.0.1#008ff5b2)
    Checking arrow-string v54.2.1 (https://github.com/cube-js/arrow-rs.git?branch=cube-46.0.1#008ff5b2)
    Checking arrow-arith v54.2.1 (https://github.com/cube-js/arrow-rs.git?branch=cube-46.0.1#008ff5b2)
    Checking arrow-row v54.2.1 (https://github.com/cube-js/arrow-rs.git?branch=cube-46.0.1#008ff5b2)
   Compiling thiserror-impl v1.0.38
    Checking simdutf8 v0.1.5
   Compiling seq-macro v0.3.5
    Checking parquet v54.2.1 (https://github.com/cube-js/arrow-rs.git?branch=cube-46.0.1#008ff5b2)
    Checking arrow v54.2.1 (https://github.com/cube-js/arrow-rs.git?branch=cube-46.0.1#008ff5b2)
    Checking sqlparser v0.54.0 (https://github.com/cube-js/sqlparser-rs.git?branch=cube-46.0.1#26fd2d4b)
   Compiling pin-project-internal v1.1.7
    Checking pin-project v1.1.7
    Checking datafusion-common v46.0.1 (https://github.com/cube-js/arrow-datafusion?branch=cube-46.0.1#ea204976)
   Compiling crossbeam-utils v0.8.15
    Checking itertools v0.14.0
    Checking datafusion-expr-common v46.0.1 (https://github.com/cube-js/arrow-datafusion?branch=cube-46.0.1#ea204976)
    Checking datafusion-physical-expr-common v46.0.1 (https://github.com/cube-js/arrow-datafusion?branch=cube-46.0.1#ea204976)
    Checking tokio-util v0.7.10
    Checking datafusion-functions-window-common v46.0.1 (https://github.com/cube-js/arrow-datafusion?branch=cube-46.0.1#ea204976)
    Checking datafusion-functions-aggregate-common v46.0.1 (https://github.com/cube-js/arrow-datafusion?branch=cube-46.0.1#ea204976)
    Checking datafusion-doc v46.0.1 (https://github.com/cube-js/arrow-datafusion?branch=cube-46.0.1#ea204976)
   Compiling httparse v1.8.0
    Checking datafusion-expr v46.0.1 (https://github.com/cube-js/arrow-datafusion?branch=cube-46.0.1#ea204976)
   Compiling ring v0.17.8
    Checking http v1.1.0
    Checking tower-service v0.3.1
    Checking fixedbitset v0.5.7
    Checking spin v0.9.8
    Checking petgraph v0.7.1
    Checking http v0.2.12
    Checking core-foundation v0.9.1
    Checking try-lock v0.2.3
    Checking untrusted v0.9.0
    Checking want v0.3.0
    Checking datafusion-physical-expr v46.0.1 (https://github.com/cube-js/arrow-datafusion?branch=cube-46.0.1#ea204976)
    Checking dashmap v6.1.0
    Checking tracing-futures v0.2.5
    Checking security-framework-sys v2.3.0
   Compiling native-tls v0.2.11
    Checking security-framework v2.3.1
    Checking datafusion-execution v46.0.1 (https://github.com/cube-js/arrow-datafusion?branch=cube-46.0.1#ea204976)
    Checking mime v0.3.16
    Checking rand_core v0.4.2
   Compiling anyhow v1.0.42
   Compiling autocfg v0.1.7
   Compiling glob v0.3.1
   Compiling crunchy v0.2.2
   Compiling clang-sys v1.7.0
    Checking http-body v1.0.0
   Compiling bzip2-sys v0.1.13+1.0.8
   Compiling bigdecimal v0.4.8
    Checking rustls-pki-types v1.4.1
   Compiling tiny-keccak v2.0.2
   Compiling getrandom v0.3.2
   Compiling itertools v0.10.1
   Compiling toml v0.5.8
   Compiling openssl-sys v0.9.111
    Checking datafusion-common-runtime v46.0.1 (https://github.com/cube-js/arrow-datafusion?branch=cube-46.0.1#ea204976)
   Compiling lzma-sys v0.1.20
   Compiling num-bigint v0.2.6
    Checking hex v0.4.3
   Compiling minimal-lexical v0.2.1
    Checking base64 v0.13.0
    Checking tower-layer v0.3.1
   Compiling nom v7.1.3
    Checking datafusion-physical-plan v46.0.1 (https://github.com/cube-js/arrow-datafusion?branch=cube-46.0.1#ea204976)
   Compiling proc-macro-crate v1.0.0
    Checking serde_urlencoded v0.7.1
   Compiling libloading v0.8.3
    Checking tokio-stream v0.1.16
   Compiling link-cplusplus v1.0.9
   Compiling standback v0.2.17
   Compiling unicase v2.6.0
   Compiling proc-macro-error-attr v1.0.4
   Compiling shared_child v1.0.0
   Compiling os_pipe v1.1.2
   Compiling bindgen v0.64.0
   Compiling rustls v0.23.7
   Compiling scratch v1.0.7
   Compiling encoding_rs v0.8.28
   Compiling proc-macro-hack v0.5.19
   Compiling duct v0.13.6
   Compiling prost-derive v0.13.3
    Checking uuid v1.16.0
    Checking datafusion-sql v46.0.1 (https://github.com/cube-js/arrow-datafusion?branch=cube-46.0.1#ea204976)
   Compiling const-random-macro v0.1.16
   Compiling cexpr v0.6.0
   Compiling datafusion-macros v46.0.1 (https://github.com/cube-js/arrow-datafusion?branch=cube-46.0.1#ea204976)
    Checking rustls-webpki v0.102.2
    Checking rand_core v0.3.1
    Checking tokio-native-tls v0.3.1
    Checking http-body v0.4.2
    Checking h2 v0.3.26
    Checking h2 v0.4.4
   Compiling blake3 v1.8.2
   Compiling proc-macro-error v1.0.4
   Compiling miniz_oxide v0.4.4
   Compiling peeking_take_while v0.1.2
    Checking httpdate v1.0.1
   Compiling rustc-hash v1.1.0
    Checking ipnet v2.3.1
   Compiling unicode-width v0.1.8
   Compiling lazycell v1.3.0
   Compiling cxxbridge-flags v1.0.122
   Compiling termcolor v1.4.1
    Checking zeroize v1.7.0
   Compiling system-configuration-sys v0.5.0
   Compiling codespan-reporting v0.11.1
   Compiling cxx v1.0.122
    Checking hyper v0.14.28
    Checking hyper v1.2.0
    Checking xz2 v0.1.7
    Checking const-random v0.1.18
    Checking datafusion-catalog v46.0.1 (https://github.com/cube-js/arrow-datafusion?branch=cube-46.0.1#ea204976)
    Checking prost v0.13.3
   Compiling sasl2-sys v0.1.22+2.1.28
    Checking bzip2 v0.4.4
    Checking tower v0.4.8
    Checking http-body-util v0.1.1
    Checking opentelemetry v0.26.0
    Checking sha2 v0.10.8
    Checking generic-array v0.12.4
   Compiling backtrace v0.3.61
   Compiling crossbeam-utils v0.7.2
   Compiling num-bigint v0.3.3
   Compiling memoffset v0.5.6
    Checking num_cpus v1.13.0
   Compiling unicode-xid v0.2.2
    Checking base64 v0.21.5
   Compiling failure_derive v0.1.8
    Checking arrayvec v0.7.6
    Checking gimli v0.25.0
    Checking adler v1.0.2
    Checking powerfmt v0.2.0
    Checking byte-tools v0.3.1
   Compiling time-core v0.1.2
    Checking base64 v0.12.3
   Compiling num-conv v0.1.0
    Checking arrayvec v0.5.2
    Checking constant_time_eq v0.3.1
   Compiling maybe-uninit v2.0.0
   Compiling lexical-core v0.7.6
    Checking arrayref v0.3.9
   Compiling rustversion v1.0.5
   Compiling time-macros v0.2.18
    Checking block-padding v0.1.5
    Checking deranged v0.3.11
    Checking textwrap v0.11.0
    Checking addr2line v0.16.0
    Checking rustls-pemfile v1.0.4
   Compiling synstructure v0.12.5
    Checking hyper-util v0.1.3
    Checking async-compression v0.4.17
   Compiling time-macros-impl v0.1.2
   Compiling cxx-build v1.0.97
    Checking dlv-list v0.5.2
   Compiling librocksdb-sys v0.10.0+7.10.2 (https://github.com/cube-js/rust-rocksdb?branch=cubestore#d1869c00)
    Checking tokio-rustls v0.26.0
    Checking bzip2 v0.5.2
    Checking webpki-roots v0.26.1
   Compiling rand_chacha v0.1.1
   Compiling rand_pcg v0.1.2
   Compiling heck v0.3.3
    Checking blake2 v0.10.6
    Checking md-5 v0.10.6
    Checking object v0.26.0
   Compiling ring v0.16.20
   Compiling ahash v0.7.4
   Compiling memoffset v0.8.0
   Compiling memoffset v0.6.5
   Compiling crossbeam-epoch v0.8.2
    Checking atty v0.2.14
    Checking num_threads v0.1.7
    Checking rustc-demangle v0.1.20
    Checking vec_map v0.8.2
   Compiling rustls v0.21.12
    Checking strsim v0.8.0
    Checking ansi_term v0.12.1
    Checking time v0.3.36
    Checking clap v2.34.0
    Checking datafusion-functions v46.0.1 (https://github.com/cube-js/arrow-datafusion?branch=cube-46.0.1#ea204976)
   Compiling structopt-derive v0.4.18
    Checking hyper-rustls v0.27.2
    Checking datafusion-datasource v46.0.1 (https://github.com/cube-js/arrow-datafusion?branch=cube-46.0.1#ea204976)
   Compiling mime_guess v2.0.3
    Checking system-configuration v0.5.1
