
COMMAND: cp -n Cargo.lock /tmp/cube-authority-rust-fixed-20260907.Cargo.lock.before
EXIT: 0 ELAPSED_SECONDS: 0.01

COMMAND: sh -c cargo +nightly-2025-08-01 metadata --offline --format-version 1 > /tmp/cube-authority-rust-fixed-20260907.metadata.json
     Locking 4 packages to latest compatible versions
      Adding rustls v0.21.12
      Adding rustls-webpki v0.101.7
      Adding sct v0.7.1
      Adding tokio-rustls v0.24.1
EXIT: 0 ELAPSED_SECONDS: 3.17

COMMAND: diff -u /tmp/cube-authority-rust-fixed-20260907.Cargo.lock.before Cargo.lock
--- /tmp/cube-authority-rust-fixed-20260907.Cargo.lock.before	2026-09-07 14:35:46.478770101 +0800
+++ Cargo.lock	2026-09-07 14:35:46.874430791 +0800
@@ -3151,10 +3151,10 @@
  "http 1.1.0",
  "hyper 1.2.0",
  "hyper-util",
- "rustls",
+ "rustls 0.23.7",
  "rustls-pki-types",
  "tokio",
- "tokio-rustls",
+ "tokio-rustls 0.26.0",
  "tower-service",
  "webpki-roots",
 ]
@@ -5047,7 +5047,7 @@
  "quinn-proto",
  "quinn-udp",
  "rustc-hash 2.0.0",
- "rustls",
+ "rustls 0.23.7",
  "socket2 0.5.6",
  "thiserror",
  "tokio",
@@ -5064,7 +5064,7 @@
  "rand 0.8.5",
  "ring 0.17.8",
  "rustc-hash 2.0.0",
- "rustls",
+ "rustls 0.23.7",
  "slab",
  "thiserror",
  "tinyvec",
@@ -5493,7 +5493,7 @@
  "percent-encoding",
  "pin-project-lite 0.2.14",
  "quinn",
- "rustls",
+ "rustls 0.23.7",
  "rustls-pemfile 2.1.2",
  "rustls-pki-types",
  "serde",
@@ -5501,7 +5501,7 @@
  "serde_urlencoded",
  "sync_wrapper 1.0.1",
  "tokio",
- "tokio-rustls",
+ "tokio-rustls 0.26.0",
  "tokio-util",
  "tower-service",
  "url",
@@ -5658,6 +5658,18 @@
 
 [[package]]
 name = "rustls"
+version = "0.21.12"
+source = "registry+https://github.com/rust-lang/crates.io-index"
+checksum = "3f56a14d1f48b391359b22f731fd4bd7e43c97f3c50eee276f3aa09c94784d3e"
+dependencies = [
+ "log",
+ "ring 0.17.8",
+ "rustls-webpki 0.101.7",
+ "sct",
+]
+
+[[package]]
+name = "rustls"
 version = "0.23.7"
 source = "registry+https://github.com/rust-lang/crates.io-index"
 checksum = "ebbbdb961df0ad3f2652da8f3fdc4b36122f568f968f45ad3316f26c025c677b"
@@ -5665,7 +5677,7 @@
  "once_cell",
  "ring 0.17.8",
  "rustls-pki-types",
- "rustls-webpki",
+ "rustls-webpki 0.102.2",
  "subtle",
  "zeroize",
 ]
@@ -5697,6 +5709,16 @@
 
 [[package]]
 name = "rustls-webpki"
+version = "0.101.7"
+source = "registry+https://github.com/rust-lang/crates.io-index"
+checksum = "8b6275d1ee7a1cd780b64aca7726599a1dbc893b1e64144529e55c3c2f745765"
+dependencies = [
+ "ring 0.17.8",
+ "untrusted 0.9.0",
+]
+
+[[package]]
+name = "rustls-webpki"
 version = "0.102.2"
 source = "registry+https://github.com/rust-lang/crates.io-index"
 checksum = "faaa0a62740bedb9b2ef5afa303da42764c012f743917351dc9a237ea1663610"
@@ -5777,6 +5799,16 @@
 checksum = "a3cf7c11c38cb994f3d40e8a8cde3bbd1f72a435e4c49e85d6553d8312306152"
 
 [[package]]
+name = "sct"
+version = "0.7.1"
+source = "registry+https://github.com/rust-lang/crates.io-index"
+checksum = "da046153aa2352493d6cb7da4b6e5c0c057d8a1d0a9aa8560baffdd945acd414"
+dependencies = [
+ "ring 0.17.8",
+ "untrusted 0.9.0",
+]
+
+[[package]]
 name = "security-framework"
 version = "2.3.1"
 source = "registry+https://github.com/rust-lang/crates.io-index"
@@ -6571,11 +6603,21 @@
 
 [[package]]
 name = "tokio-rustls"
+version = "0.24.1"
+source = "registry+https://github.com/rust-lang/crates.io-index"
+checksum = "c28327cf380ac148141087fbfb9de9d7bd4e84ab5d2c28fbc911d753de8a7081"
+dependencies = [
+ "rustls 0.21.12",
+ "tokio",
+]
+
+[[package]]
+name = "tokio-rustls"
 version = "0.26.0"
 source = "registry+https://github.com/rust-lang/crates.io-index"
 checksum = "0c7bc40d0e5a97695bb96e27995cd3a08538541b0a846f65bba7a359f36700d4"
 dependencies = [
- "rustls",
+ "rustls 0.23.7",
  "rustls-pki-types",
  "tokio",
 ]
@@ -7031,6 +7073,7 @@
  "serde_json",
  "serde_urlencoded",
  "tokio",
+ "tokio-rustls 0.24.1",
  "tokio-stream",
  "tokio-tungstenite",
  "tokio-util",
EXIT: 1 ELAPSED_SECONDS: 0.16

COMMAND: cargo +nightly-2025-08-01 test --locked --offline -p cubestore --lib --bins --no-run -j 1
   Compiling rustls v0.21.12
   Compiling rustls-webpki v0.101.7
   Compiling sct v0.7.1
   Compiling tokio-rustls v0.24.1
   Compiling warp v0.3.6
   Compiling cubestore v1.7.15 (/Users/xujiawei/magic/workbench/cube/rust/cubestore/cubestore)
warning: unused import: `std::future::Future`
  --> cubestore/src/metastore/authority.rs:18:5
   |
18 | use std::future::Future;
   |     ^^^^^^^^^^^^^^^^^^^
   |
   = note: `#[warn(unused_imports)]` on by default

warning: unused import: `MetaStoreTable`
  --> cubestore/src/sql/mod.rs:52:5
   |
52 |     MetaStoreTable, Schema,
   |     ^^^^^^^^^^^^^^

error[E0004]: non-exhaustive patterns: `&rocks_store::TableId::RouterAuthority` not covered
  --> cubestore/src/metastore/rocks_store.rs:94:15
   |
94 |         match self {
   |               ^^^^ pattern `&rocks_store::TableId::RouterAuthority` not covered
   |
note: `rocks_store::TableId` defined here
  --> cubestore/src/metastore/rocks_store.rs:69:10
   |
69 | pub enum TableId {
   |          ^^^^^^^
70 |     RouterAuthority = 4294967100,
   |     --------------- not covered
   = note: the matched value is of type `&rocks_store::TableId`
help: ensure that all possible cases are being handled by adding a match arm with a wildcard pattern or an explicit pattern as shown
   |
110~             TableId::QueueItemPayload => true,
111~             &rocks_store::TableId::RouterAuthority => todo!(),
   |

For more information about this error, try `rustc --explain E0004`.
warning: `cubestore` (lib) generated 2 warnings
error: could not compile `cubestore` (lib) due to 1 previous error; 2 warnings emitted
EXIT: 101 ELAPSED_SECONDS: 40.9
